[backblue.gif]
[fade.gif]
[index.html]
[relais-accueil.fr/index.html]
[relais-accueil.fr/feed/index.html]
[relais-accueil.fr/comments/feed/index.html]
[relais-accueil.fr/wp-content/themes/hello-elementor/style.min41fe.css]
[relais-accueil.fr/wp-content/themes/hello-elementor/theme.min41fe.css]
[relais-accueil.fr/wp-content/themes/hello-elementor/header-footer.min41fe.css]
[relais-accueil.fr/wp-includes/js/jquery/jquery.minf43b.js]
[relais-accueil.fr/wp-includes/js/jquery/jquery-migrate.min5589.js]
[relais-accueil.fr/wp-content/plugins/jet-popup/assets/css/jet-popup-frontend001e.css]
[relais-accueil.fr/wp-content/plugins/jet-elements/assets/css/jet-elementsa23f.css]
[relais-accueil.fr/xmlrpc0db0.php]
[relais-accueil.fr/wp-json/wp/v2/pages/9]
[relais-accueil.fr/wp-json/oembed/1.0/embedcbed]
[relais-accueil.fr/wp-content/plugins/jet-elements/assets/css/jet-elements-skina23f.css]
[relais-accueil.fr/wp-content/uploads/2023/04/favicon-300x300.png]
[relais-accueil.fr/wp-content/uploads/elementor/thumbs/logo_relais-q520e3106yrvek7nb7wj60zgbp5vugdz6d8cnzsnhk.png]
[relais-accueil.fr/wp-content/plugins/elementor/assets/lib/eicons/css/elementor-icons.mind54b.css]
[relais-accueil.fr/wp-content/plugins/elementor/assets/lib/swiper/v8/css/swiper.min94a4.css]
[relais-accueil.fr/wp-content/uploads/2023/04/accueil-accueil-1024x1024.jpg]
[relais-accueil.fr/wp-content/plugins/elementor-pro/assets/css/frontend-lite.minc226.css]
[relais-accueil.fr/wp-content/uploads/2023/04/accueil-colocation-1024x1024.jpg]
[relais-accueil.fr/wp-content/uploads/2023/04/accueil-cowork2-1024x1024.jpg]
[relais-accueil.fr/wp-content/uploads/elementor/css/global8c11.css]
[relais-accueil.fr/wp-content/uploads/elementor/css/post-98c11.css]
[relais-accueil.fr/wp-content/uploads/2023/04/accueil-jeunes-majeurs-1024x1024.jpg]
[relais-accueil.fr/wp-content/uploads/elementor/css/post-288c11.css]
[relais-accueil.fr/wp-content/uploads/2023/04/colocation-hero1-1024x657.jpg]
[relais-accueil.fr/wp-content/uploads/2023/04/association-diaporama-1-1024x683.jpg]
[relais-accueil.fr/wp-content/plugins/elementor/assets/lib/font-awesome/css/fontawesome.min52d5.css]
[relais-accueil.fr/wp-content/uploads/2023/04/association-hero-1024x683.jpg]
[relais-accueil.fr/wp-content/plugins/elementor/assets/lib/font-awesome/css/solid.min52d5.css]
[relais-accueil.fr/wp-content/uploads/2023/04/cowork-img2-1024x683.jpg]
[relais-accueil.fr/wp-content/uploads/2023/04/hero1-accueil-RA-1024x682.jpg]
[relais-accueil.fr/wp-content/plugins/elementor/assets/lib/font-awesome/css/regular.min52d5.css]
[relais-accueil.fr/wp-content/themes/hello-elementor/assets/js/hello-frontend.min41fe.js]
[relais-accueil.fr/wp-content/plugins/jet-engine/assets/lib/jet-plugins/jet-pluginsf488.js]
[relais-accueil.fr/wp-content/plugins/jet-popup/assets/js/lib/waypoints/jquery.waypoints.min4c56.js]
[relais-accueil.fr/wp-content/plugins/jet-popup/assets/js/jet-popup-frontend001e.js]
[relais-accueil.fr/wp-content/plugins/elementor-pro/assets/lib/instant-page/instant-page.minc226.js]
[relais-accueil.fr/wp-content/plugins/elementor-pro/assets/css/widget-nav-menu.min.css]
[relais-accueil.fr/wp-content/plugins/elementor-pro/assets/lib/lottie/lottie.min3f90.js]
[relais-accueil.fr/wp-content/plugins/elementor-pro/assets/js/webpack-pro.runtime.minc226.js]
[relais-accueil.fr/la-residence/index.html]
[relais-accueil.fr/wp-content/plugins/elementor/assets/js/frontend-modules.minc226.js]
[relais-accueil.fr/wp-includes/js/dist/vendor/wp-polyfill-inert.min0226.js]
[relais-accueil.fr/wp-includes/js/dist/vendor/regenerator-runtime.min6c85.js]
[relais-accueil.fr/wp-includes/js/dist/vendor/wp-polyfill.min2c7c.js]
[relais-accueil.fr/wp-includes/js/dist/i18n.minf92f.js]
[relais-accueil.fr/wp-content/plugins/elementor-pro/assets/js/frontend.minc226.js]
[relais-accueil.fr/wp-content/plugins/elementor/assets/lib/waypoints/waypoints.min05da.js]
[relais-accueil.fr/fjt-paris-relais-18/index.html]
[relais-accueil.fr/wp-content/plugins/elementor/assets/js/frontend.minc226.js]
[relais-accueil.fr/wp-content/plugins/elementor-pro/assets/js/elements-handlers.minc226.js]
[relais-accueil.fr/la-colocation/index.html]
[relais-accueil.fr/wp-content/plugins/jet-elements/assets/js/jet-elements.mina23f.js]
[relais-accueil.fr/wp-content/plugins/jet-tabs/assets/js/jet-tabs-frontend.min3e86.js]
[relais-accueil.fr/wp-content/plugins/elementor-pro/assets/lib/sticky/jquery.sticky.minc226.js]
[relais-accueil.fr/coworking/index.html]
[relais-accueil.fr/jeunes-majeurs/index.html]
[relais-accueil.fr/wp-content/plugins/jet-popup/assets/image/transparent.jpg]
[relais-accueil.fr/wp-content/plugins/elementor/assets/lib/eicons/fonts/eicons8016.eot]
[relais-accueil.fr/la-residence]
[relais-accueil.fr/wp-content/uploads/2023/04/hero1-accueil-RA.jpg]
[relais-accueil.fr/fjt-paris-relais-18]
[relais-accueil.fr/wp-content/plugins/elementor/assets/lib/font-awesome/webfonts/fa-solid-900d41d.eot]
[relais-accueil.fr/wp-content/plugins/elementor/assets/lib/font-awesome/webfonts/fa-solid-900.ttf]
[relais-accueil.fr/wp-content/plugins/elementor/assets/lib/font-awesome/webfonts/fa-regular-400.eot]
[relais-accueil.fr/wp-content/plugins/elementor/assets/lib/font-awesome/webfonts/fa-regular-400d41d.eot]
[relais-accueil.fr/jeunes-majeurs]
[relais-accueil.fr/wp-content/plugins/elementor/assets/lib/font-awesome/webfonts/fa-regular-400.ttf]
[relais-accueil.fr/wp-content/plugins/elementor-pro/assets/js/page-transitions.minc226.js]
[relais-accueil.fr/wp-json/index.html]
[relais-accueil.fr/wp-content/uploads/2023/04/favicon-150x150.png]
[relais-accueil.fr/wp-content/plugins/elementor-pro/assets/css/widget-loop-builder.min.css]
[relais-accueil.fr/wp-json/wp/v2/pages/69]
[relais-accueil.fr/wp-content/plugins/elementor-pro/assets/css/widget-theme-elements.min.css]
[relais-accueil.fr/wp-json/oembed/1.0/embed18a0]
[relais-accueil.fr/2023/04/18/index.html]
[relais-accueil.fr/wp-json/oembed/1.0/embed55ef]
[relais-accueil.fr/wp-content/uploads/2023/04/malmaisons-card-02-1024x682.jpg]
[relais-accueil.fr/wp-content/uploads/2023/04/malmaisons-card-03-1024x683.jpg]
[relais-accueil.fr/mon-copilote-premiere-start-up-a-integrer-relais-cowork/index.html]
[relais-accueil.fr/wp-content/uploads/2023/04/accueil-accueil.jpg]
[relais-accueil.fr/wp-content/uploads/2023/04/accueil-colocation.jpg]
[relais-accueil.fr/wp-content/uploads/2023/04/activite02-1024x768.jpg]
[relais-accueil.fr/portrait-de-fleur-autoentrepreneur-de-28-ans/index.html]
[relais-accueil.fr/wp-content/uploads/2023/04/activite01-1024x768.jpg]
[relais-accueil.fr/wp-content/uploads/2023/04/activite05-1024x768.jpg]
[relais-accueil.fr/wp-content/plugins/elementor/assets/lib/e-gallery/js/e-gallery.min7359.js]
[relais-accueil.fr/1253-2/index.html]
[relais-accueil.fr/wp-json/wp/v2/pages/71]
[relais-accueil.fr/wp-json/oembed/1.0/embed9ba1]
[relais-accueil.fr/2023/04/17/index.html]
[relais-accueil.fr/wp-content/uploads/2023/04/poissonniers-hero-scaled.jpg]
[relais-accueil.fr/bonjour-tout-le-monde/index.html]
[relais-accueil.fr/wp-content/uploads/2023/04/poissonniers-hero-1536x849.jpg]
[relais-accueil.fr/wp-content/uploads/2023/05/poissonniers16.jpg]
[relais-accueil.fr/wp-content/uploads/2023/05/poissonniers2.jpg]
[relais-accueil.fr/2023/04/13/index.html]
[relais-accueil.fr/wp-content/uploads/2023/05/poissonniers15.jpg]
[relais-accueil.fr/wp-content/uploads/2023/05/poissonniers13-e1682953274735.jpg]
[relais-accueil.fr/politique-de-confidentialite/index.html]
[relais-accueil.fr/wp-content/uploads/2023/05/poissonniers14-e1682953256244.jpg]
[relais-accueil.fr/wp-content/plugins/elementor/assets/css/widget-icon-box.min.css]
[relais-accueil.fr/wp-content/uploads/2023/05/poissonniers5-e1682953380682.jpg]
[relais-accueil.fr/wp-content/uploads/2023/05/poissonniers1.jpg]
[relais-accueil.fr/wp-content/uploads/2023/05/poissonniers12-e1682953301636.jpg]
[relais-accueil.fr/wp-content/uploads/elementor/css/post-50824ab.css]
[relais-accueil.fr/wp-content/uploads/2023/05/poissonniers11.jpg]
[relais-accueil.fr/wp-content/uploads/2023/05/poissonniers9-e1682953336672.jpg]
[relais-accueil.fr/wp-content/uploads/2023/05/poissonniers7-e1682953357120.jpg]
[relais-accueil.fr/wp-content/uploads/2023/05/poissonniers8.jpg]
[relais-accueil.fr/wp-content/uploads/2023/05/poissonniers6.jpg]
[relais-accueil.fr/wp-content/uploads/2023/05/poissonniers3.jpg]
[relais-accueil.fr/wp-content/uploads/2023/05/poissonniers4-e1682953401446.jpg]
[relais-accueil.fr/wp-json/wp/v2/pages/73]
[relais-accueil.fr/wp-json/oembed/1.0/embed2c8a]
[relais-accueil.fr/wp-json/oembed/1.0/embedd8dc]
[relais-accueil.fr/wp-content/uploads/2023/04/P1060631.jpg]
[relais-accueil.fr/wp-content/uploads/2023/04/P1070033.jpg]
[relais-accueil.fr/wp-content/uploads/2023/04/P1060465.jpg]
[relais-accueil.fr/wp-content/uploads/2023/04/P1060483.jpg]
[relais-accueil.fr/wp-content/uploads/2023/04/P1060459.jpg]
[relais-accueil.fr/wp-content/plugins/jet-engine/assets/css/frontend8f3a.css]
[relais-accueil.fr/wp-content/uploads/2023/04/P1060522.jpg]
[relais-accueil.fr/wp-content/uploads/2023/04/P1060600.jpg]
[relais-accueil.fr/wp-content/uploads/2023/04/P1060703.jpg]
[relais-accueil.fr/wp-content/uploads/elementor/css/post-624ab.css]
[relais-accueil.fr/wp-content/uploads/2023/04/P1060566.jpg]
[relais-accueil.fr/wp-content/uploads/2023/04/P1060712.jpg]
[relais-accueil.fr/wp-content/uploads/2023/04/P1060733.jpg]
[relais-accueil.fr/wp-content/plugins/elementor/assets/lib/eicons/fonts/eicons8016.woff2]
[relais-accueil.fr/wp-content/uploads/2023/04/P1060442.jpg]
[relais-accueil.fr/wp-content/uploads/2023/04/P1070003.jpg]
[relais-accueil.fr/wp-content/uploads/2023/04/P1060980.jpg]
[relais-accueil.fr/wp-json/wp/v2/pages/75]
[relais-accueil.fr/wp-content/plugins/jet-tabs/assets/css/jet-tabs-frontend3e86.css]
[relais-accueil.fr/wp-json/oembed/1.0/embede818]
[relais-accueil.fr/wp-json/oembed/1.0/embedb649]
[relais-accueil.fr/wp-content/uploads/2023/04/cowork-img1-683x1024.jpg]
[relais-accueil.fr/wp-content/uploads/2023/04/cowork-panel-bureau.jpeg]
[relais-accueil.fr/wp-content/uploads/2023/04/colocation-diapo3-1024x683.jpg]
[relais-accueil.fr/wp-content/uploads/2023/04/cowork-hero1-1024x683.jpg]
[relais-accueil.fr/wp-content/uploads/2023/04/logo-idf-150x150.png]
[relais-accueil.fr/wp-content/uploads/2023/04/Fondation_de_France-150x150.png]
[relais-accueil.fr/wp-content/uploads/2023/04/logo-parishabitat-1-150x150.png]
[relais-accueil.fr/wp-content/uploads/2023/04/MGEN-logo-150x150.jpg]
[relais-accueil.fr/wp-content/uploads/elementor/css/post-34424ab.css]
[relais-accueil.fr/wp-json/wp/v2/pages/77]
[relais-accueil.fr/wp-json/oembed/1.0/embed6b82]
[relais-accueil.fr/wp-content/plugins/elementor/assets/lib/font-awesome/webfonts/fa-solid-900.woff2]
[relais-accueil.fr/wp-content/uploads/2023/05/RelaisAvenirApparts1-1024x724.png]
[relais-accueil.fr/wp-content/uploads/2023/05/RelaisAvenirApparts2.png]
[relais-accueil.fr/wp-content/uploads/2023/05/RelaisAvenirApparts2-1024x724.png]
[relais-accueil.fr/wp-content/uploads/2023/05/RelaisAvenirStudios1.png]
[relais-accueil.fr/wp-content/plugins/elementor/assets/lib/font-awesome/webfonts/fa-solid-900.svg]
[relais-accueil.fr/wp-content/uploads/2023/05/RelaisAvenirStudios1-1024x724.png]
[relais-accueil.fr/wp-content/uploads/2023/05/RelaisAvenirStudios2.png]
[relais-accueil.fr/wp-content/plugins/elementor/assets/lib/font-awesome/webfonts/fa-regular-400.woff2]
[relais-accueil.fr/wp-content/uploads/2023/05/RelaisAvenirStudios2-1024x724.png]
[relais-accueil.fr/mon-copilote-premiere-start-up-a-integrer-relais-cowork/feed/index.html]
[relais-accueil.fr/wp-content/plugins/elementor/assets/lib/font-awesome/webfonts/fa-regular-400.svg]
[relais-accueil.fr/wp-json/wp/v2/posts/1220]
[relais-accueil.fr/l-association/index.html]
[relais-accueil.fr/wp-json/oembed/1.0/embed0f3b]
[relais-accueil.fr/wp-content/uploads/elementor/css/post-691a72.css]
[relais-accueil.fr/wp-json/wp/v2/posts/1197]
[relais-accueil.fr/indexe2dc.html]
[relais-accueil.fr/wp-json/oembed/1.0/embed9789]
[relais-accueil.fr/wp-json/oembed/1.0/embed4d95]
[relais-accueil.fr/wp-json/wp/v2/posts/1253]
[relais-accueil.fr/wp-json/oembed/1.0/embedc355]
[relais-accueil.fr/wp-json/oembed/1.0/embed7bd6]
[relais-accueil.fr/wp-content/uploads/elementor/css/post-7132a3.css]
[relais-accueil.fr/bonjour-tout-le-monde/feed/index.html]
[relais-accueil.fr/wp-json/oembed/1.0/embed27e6]
[relais-accueil.fr/wp-json/oembed/1.0/embed1c8a]
[relais-accueil.fr/politique-de-confidentialite/feed/index.html]
[relais-accueil.fr/wp-json/wp/v2/pages/3]
[relais-accueil.fr/wp-content/plugins/elementor/assets/lib/animations/animations.minc226.css]
[relais-accueil.fr/wp-json/oembed/1.0/embedbbc1]
[relais-accueil.fr/wp-content/uploads/elementor/css/post-73f512.css]
[relais-accueil.fr/wp-content/plugins/jet-elements/assets/js/lib/anime-js/anime.min3601.js]
[relais-accueil.fr/index8cae.html]
[relais-accueil.fr/wp-includes/js/imagesloaded.minbb93.js]
[relais-accueil.fr/wp-content/plugins/elementor/assets/js/webpack.runtime.minc226.js]
[relais-accueil.fr/wp-includes/js/dist/hooks.min2ebd.js]
[relais-accueil.fr/wp-includes/js/jquery/ui/core.min3f14.js]
[relais-accueil.fr/wp-content/plugins/jet-popup/includes/elementor/assets/js/jet-popup-elementor-frontend001e.js]
[relais-accueil.fr/wp-content/plugins/jet-elements/assets/images/dummy-map.png]
[relais-accueil.fr/wp-content/plugins/elementor/assets/lib/eicons/fonts/eicons8016.ttf]
[relais-accueil.fr/wp-content/uploads/elementor/css/post-7591d7.css]
[relais-accueil.fr/wp-content/plugins/elementor/assets/lib/font-awesome/webfonts/fa-solid-900.eot]
[relais-accueil.fr/wp-content/plugins/elementor/assets/lib/font-awesome/webfonts/fa-solid-900.woff]
[relais-accueil.fr/wp-content/plugins/elementor/assets/lib/font-awesome/webfonts/fa-regular-400.woff]
[relais-accueil.fr/wp-json/oembed/1.0/embed63f6]
[relais-accueil.fr/wp-json/wp/v2/pages/67]
[relais-accueil.fr/wp-json/oembed/1.0/embedb209]
[relais-accueil.fr/wp-content/uploads/elementor/css/post-77756c.css]
[relais-accueil.fr/index307b.html]
[relais-accueil.fr/wp-content/uploads/2023/04/association-notre-histoire.jpeg]
[relais-accueil.fr/wp-content/uploads/2023/05/RA-230525-WEB-version-finale-pdf-1024x1024.jpg]
[relais-accueil.fr/indexd4bb.html]
[relais-accueil.fr/l-association]
[relais-accueil.fr/index97ee.html]
[relais-accueil.fr/coworking]
[relais-accueil.fr/wp-content/uploads/2023/04/RA-RelaisAccueil-2020-pdf-1024x1024.jpg]
[relais-accueil.fr/la-fondation-monoprix-decerne-le-prix-du-jury-dun-montant-de-10-000e-a-relais-accueil/index.html]
[relais-accueil.fr/index694a.html]
[relais-accueil.fr/wp-content/uploads/2023/04/villeparis.png]
[relais-accueil.fr/wp-content/uploads/elementor/css/post-113924ab.css]
[relais-accueil.fr/wp-content/uploads/2023/04/ParisHabitat.png]
[relais-accueil.fr/wp-content/uploads/2023/04/mairie13.png]
[relais-accueil.fr/indexa731.html]
[relais-accueil.fr/wp-content/uploads/2023/04/ElogieSiemp.png]
[relais-accueil.fr/wp-content/uploads/2023/04/DRIHL.png]
[relais-accueil.fr/wp-content/uploads/2023/04/RIVP.png]
[relais-accueil.fr/wp-content/uploads/2023/04/promeneursdunet.png]
[relais-accueil.fr/wp-content/uploads/2023/04/ciej.png]
[relais-accueil.fr/category/non-classe/index.html]
[relais-accueil.fr/wp-content/uploads/2023/04/cllajParis.png]
[relais-accueil.fr/category/vie-de-la-residence/index.html]
[relais-accueil.fr/wp-content/uploads/2023/05/CafdeParis.png]
[relais-accueil.fr/wp-content/uploads/2023/04/adilparis.png]
[relais-accueil.fr/wp-content/uploads/2023/04/aides.png]
[relais-accueil.fr/2nd-article-du-site-internet-de-relais-accueil/index.html]
[relais-accueil.fr/wp-content/uploads/2023/04/asm13.png]
[relais-accueil.fr/wp-content/uploads/2023/04/cartedescolocs.png]
[relais-accueil.fr/wp-content/uploads/2023/04/centressociauxparis.png]
[relais-accueil.fr/wp-content/uploads/2023/04/fondationdefrance.png]
[relais-accueil.fr/indexcff1.html]
[relais-accueil.fr/wp-content/uploads/2023/04/freha.png]
[relais-accueil.fr/wp-content/uploads/2023/04/hopitalpitie.png]
[relais-accueil.fr/index2207.html]
[relais-accueil.fr/wp-content/uploads/2023/04/pimms.png]
[relais-accueil.fr/wp-content/uploads/2023/04/regioniledefrance.png]
[relais-accueil.fr/wp-content/uploads/elementor/css/post-221124ab.css]
[relais-accueil.fr/wp-content/uploads/2023/04/secourspopulaire.png]
[relais-accueil.fr/wp-content/uploads/2023/05/resoquartierparis13.png]
[relais-accueil.fr/wp-content/plugins/jet-engine/assets/js/frontend8f3a.js]
[relais-accueil.fr/wp-content/plugins/elementor/assets/css/frontend-lite.minc226.css]
[relais-accueil.fr/wp-content/uploads/2023/04/malmaisons-hero.jpg]
[relais-accueil.fr/wp-content/uploads/2023/04/fond-titre.jpg]
[relais-accueil.fr/wp-content/uploads/2023/04/accueil-cowork2.jpg]
[relais-accueil.fr/wp-content/uploads/2023/04/accueil-jeunes-majeurs.jpg]
[relais-accueil.fr/wp-content/uploads/2023/04/activite04-1024x768.jpg]
[relais-accueil.fr/wp-content/uploads/2023/04/fond-titre-2048x1152.jpg]
[relais-accueil.fr/wp-content/plugins/elementor/assets/lib/eicons/fonts/eicons8016.svg]
[relais-accueil.fr/wp-json/oembed/1.0/embed7ce7]
[relais-accueil.fr/wp-content/plugins/jet-tabs/assets/images/spinner-32.svg]
[relais-accueil.fr/wp-content/uploads/2023/04/poissonniers-hero-scaled.jpg]
[relais-accueil.fr/wp-content/uploads/2023/05/poissonniers10.jpg]
[relais-accueil.fr/wp-content/uploads/2023/04/colocation-hero1.jpg]
[relais-accueil.fr/wp-content/plugins/elementor/assets/lib/font-awesome/css/brands.min52d5.css]
[relais-accueil.fr/wp-content/uploads/elementor/css/post-16865b30.css]
[relais-accueil.fr/wp-content/uploads/2023/04/colocation-article.jpeg]
[relais-accueil.fr/wp-content/uploads/2023/04/P1060680.jpg]
[relais-accueil.fr/wp-content/uploads/2023/04/P1060721.jpg]
[relais-accueil.fr/wp-content/uploads/2023/04/P1060733.jpg]
[relais-accueil.fr/wp-content/uploads/elementor/css/post-15195b30.css]
[relais-accueil.fr/wp-content/uploads/2023/04/P1060416.jpg]
[relais-accueil.fr/wp-content/uploads/2023/04/P1060469.jpg]
[relais-accueil.fr/wp-content/uploads/2023/04/cowork-img3.jpg]
[relais-accueil.fr/index96f1.html]
[relais-accueil.fr/wp-content/uploads/2023/04/jeunesmajeurs-hero.jpeg]
[relais-accueil.fr/wp-json/oembed/1.0/embedcff6]
[relais-accueil.fr/pole/pole-direction/index.html]
[relais-accueil.fr/wp-content/uploads/2023/05/RelaisAvenirApparts1.png]
[relais-accueil.fr/wp-content/uploads/2023/05/RelaisAvenirApparts2-1024x724.png]
[relais-accueil.fr/pole/pole-habitat/index.html]
[relais-accueil.fr/wp-json/wp/v2/posts/1251]
[relais-accueil.fr/l-association/2227]
[relais-accueil.fr/wp-json/oembed/1.0/embeddecb]
[relais-accueil.fr/wp-content/uploads/2023/04/actualites-hero.jpg]
[relais-accueil.fr/wp-json/oembed/1.0/embed0c00]
[relais-accueil.fr/l-association/1517]
[relais-accueil.fr/wp-json/wp/v2/categories/1]
[relais-accueil.fr/l-association/1516]
[relais-accueil.fr/category/vie-de-la-residence/feed/index.html]
[relais-accueil.fr/wp-json/wp/v2/categories/9]
[relais-accueil.fr/portrait-de-fleur-autoentrepreneur-de-28-ans/feed/index.html]
[relais-accueil.fr/wp-json/wp/v2/posts/1190]
[relais-accueil.fr/wp-json/oembed/1.0/embed010c]
[relais-accueil.fr/wp-json/oembed/1.0/embedbcc8]
[relais-accueil.fr/wp-json/wp/v2/posts/1]
[relais-accueil.fr/wp-content/plugins/elementor/assets/lib/e-gallery/css/e-gallery.min7359.css]
[relais-accueil.fr/wp-content/plugins/elementor-pro/assets/lib/smartmenus/jquery.smartmenus.min1576.js]
[relais-accueil.fr/wp-json/oembed/1.0/embed8996]
[relais-accueil.fr/wp-content/plugins/elementor/assets/lib/eicons/fonts/eicons8016.woff]
[relais-accueil.fr/wp-json/oembed/1.0/embeda7a1]
[relais-accueil.fr/pole/pole-direction/feed/index.html]
[relais-accueil.fr/wp-json/wp/v2/pole/12]
[relais-accueil.fr/2227]
[relais-accueil.fr/pole/pole-habitat/feed/index.html]
[relais-accueil.fr/1516]
[relais-accueil.fr/wp-content/uploads/2023/06/Design-sans-titre-1024x819.png]
[relais-accueil.fr/wp-json/wp/v2/pole/13]
[relais-accueil.fr/indexfb45.html]
[relais-accueil.fr/index5c23.html]
[relais-accueil.fr/wp-content/plugins/elementor/assets/css/widget-icon-list.min.css]
[relais-accueil.fr/wp-content/uploads/2023/04/siaoparis.png]
[relais-accueil.fr/wp-content/uploads/2023/04/cidj.png]
[relais-accueil.fr/indexc61d.html]
[relais-accueil.fr/wp-content/uploads/2023/04/fonjep.png]
[relais-accueil.fr/wp-content/uploads/2023/04/arfj.png]
[relais-accueil.fr/wp-content/uploads/2023/04/culturesducoeur.png]
[relais-accueil.fr/index0959.html]
[relais-accueil.fr/wp-content/uploads/2023/04/ligueenseignement75.png]
[relais-accueil.fr/wp-content/uploads/2023/04/mgen.png]
[relais-accueil.fr/indexa69b.html]
[relais-accueil.fr/wp-content/uploads/elementor/css/post-3afe3.css]
[relais-accueil.fr/wp-content/uploads/2023/04/poissonniers-card01-768x1024.jpg]
[relais-accueil.fr/wp-content/uploads/2023/04/colocation-diapo1.jpg]
[relais-accueil.fr/wp-content/uploads/2023/04/P1060733.jpg]
[relais-accueil.fr/salaries/thomas-fraser/index.html]
[relais-accueil.fr/pole/pole-socio-educatif/index.html]
[relais-accueil.fr/la-fondation-monoprix-decerne-le-prix-du-jury-dun-montant-de-10-000e-a-relais-accueil/feed/index.html]
[relais-accueil.fr/salaries/arnaud-serre/index.html]
[relais-accueil.fr/1253-2/feed/index.html]
[relais-accueil.fr/salaries/hassana-romieu/index.html]
[relais-accueil.fr/wp-content/uploads/2023/06/mentions-legales.jpg]
[relais-accueil.fr/salaries/alain-paruta/index.html]
[relais-accueil.fr/salaries/nathalie-carrette/index.html]
[relais-accueil.fr/wp-json/wp/v2/salaries/1138]
[relais-accueil.fr/wp-json/oembed/1.0/embede09b]
[relais-accueil.fr/wp-json/oembed/1.0/embedda01]
[relais-accueil.fr/pole/pole-socio-educatif/feed/index.html]
[relais-accueil.fr/wp-json/wp/v2/pole/14]
[relais-accueil.fr/index97ee.html]
[relais-accueil.fr/wp-json/wp/v2/salaries/2277]
[relais-accueil.fr/wp-content/uploads/2023/04/malmaisons-card-01-1024x683.jpg]
[relais-accueil.fr/wp-content/uploads/2023/04/activite03-1024x789.jpg]
[relais-accueil.fr/wp-json/oembed/1.0/embedbfd1]
[relais-accueil.fr/index6cf3.html]
[relais-accueil.fr/wp-json/wp/v2/salaries/1755]
[relais-accueil.fr/indexe839.html]
[relais-accueil.fr/indexb135.html]
[relais-accueil.fr/wp-json/oembed/1.0/embed7c0c]
[relais-accueil.fr/wp-content/uploads/2023/05/RelaisAvenirStudios1-1024x724.png]
[relais-accueil.fr/wp-json/wp/v2/salaries/1754]
[relais-accueil.fr/1517]
[relais-accueil.fr/wp-json/oembed/1.0/embed883c]
[relais-accueil.fr/wp-json/oembed/1.0/embed4b9d]
[relais-accueil.fr/wp-includes/css/dist/block-library/style.min84fc.css]
[relais-accueil.fr/wp-json/wp/v2/salaries/1753]
[relais-accueil.fr/wp-json/oembed/1.0/embed37cd]
[relais-accueil.fr/wp-content/uploads/2023/04/bg.jpg]
[relais-accueil.fr/wp-content/uploads/2023/04/RA-RelaisAccueil-2021-pdf-1024x1024.jpg]
[relais-accueil.fr/wp-content/uploads/2023/04/mlparis.png]
[relais-accueil.fr/wp-json/oembed/1.0/embed4165]
[relais-accueil.fr/2nd-article-du-site-internet-de-relais-accueil/feed/index.html]
[relais-accueil.fr/wp-content/uploads/2023/04/association-hero.jpg]
[relais-accueil.fr/wp-content/uploads/elementor/css/post-67de3d.css]
[relais-accueil.fr/salaries/joanna-przygodzka/index.html]
[relais-accueil.fr/wp-json/oembed/1.0/embedaa52]
[relais-accueil.fr/wp-json/wp/v2/salaries/1782]
[relais-accueil.fr/salaries/rose-sidibe/index.html]
[relais-accueil.fr/salaries/rachid-el-kalai/index.html]
[relais-accueil.fr/wp-json/oembed/1.0/embed02cb]
[relais-accueil.fr/wp-json/oembed/1.0/embed4efd]
[relais-accueil.fr/salaries/chantal-cherubin/index.html]
[relais-accueil.fr/wp-json/wp/v2/salaries/1778]
[relais-accueil.fr/wp-json/oembed/1.0/embed3502]
[relais-accueil.fr/salaries/guy-oliver-kouessu/index.html]
[relais-accueil.fr/wp-json/oembed/1.0/embed95ce]
[relais-accueil.fr/wp-json/wp/v2/salaries/1777]
[relais-accueil.fr/wp-json/oembed/1.0/embed6870]
[relais-accueil.fr/wp-json/oembed/1.0/embed2a94]
[relais-accueil.fr/salaries/aurelie-tuillet/index.html]
[relais-accueil.fr/wp-json/wp/v2/salaries/1775]
[relais-accueil.fr/wp-json/oembed/1.0/embeda38e]
[relais-accueil.fr/wp-json/oembed/1.0/embedd403]
[relais-accueil.fr/salaries/anais-halter/index.html]
[relais-accueil.fr/wp-json/wp/v2/salaries/1773]
[relais-accueil.fr/wp-json/oembed/1.0/embed8ded]
[relais-accueil.fr/indexf4ac.html]
[relais-accueil.fr/salaries/william-agius/index.html]
[relais-accueil.fr/wp-json/oembed/1.0/embedcc4a]
[relais-accueil.fr/wp-json/wp/v2/salaries/1757]
[relais-accueil.fr/salaries/celine-plion/index.html]
[relais-accueil.fr/wp-json/oembed/1.0/embed2fd7]
[relais-accueil.fr/wp-json/wp/v2/salaries/1756]
[relais-accueil.fr/wp-json/oembed/1.0/embed6db4]
[relais-accueil.fr/index47f1.html]
[relais-accueil.fr/wp-json/oembed/1.0/embed3477]
[relais-accueil.fr/indexd4bb.html]
[relais-accueil.fr/category/non-classe/feed/index.html]
[relais-accueil.fr/wp-json/wp/v2/salaries/1749]
[relais-accueil.fr/index7a07.html]
[relais-accueil.fr/indexc73b.html]
[relais-accueil.fr/wp-json/oembed/1.0/embedfd0f]
[relais-accueil.fr/wp-json/oembed/1.0/embed2dd0]
[relais-accueil.fr/wp-json/oembed/1.0/embed1bd5]
[relais-accueil.fr/indexef2b.html]
[relais-accueil.fr/salaries/eva-quenel/index.html]
[relais-accueil.fr/wp-json/wp/v2/salaries/1780]
[relais-accueil.fr/wp-json/wp/v2/salaries/1779]
[relais-accueil.fr/indexe7e4.html]
[relais-accueil.fr/wp-json/oembed/1.0/embedf8d1]
[relais-accueil.fr/salaries/lilla-eghiazarian/index.html]
[relais-accueil.fr/wp-json/oembed/1.0/embedd708]
[relais-accueil.fr/wp-json/oembed/1.0/embed7cdc]
[relais-accueil.fr/index4535.html]
[relais-accueil.fr/salaries/adrien-leverrier/index.html]
[relais-accueil.fr/wp-json/oembed/1.0/embede6d5]
[relais-accueil.fr/wp-json/wp/v2/salaries/1676]
[relais-accueil.fr/wp-json/oembed/1.0/embedc6d0]
[relais-accueil.fr/indexdbcb.html]
[relais-accueil.fr/wp-json/oembed/1.0/embedac41]
[relais-accueil.fr/wp-json/oembed/1.0/embed53d0]
[relais-accueil.fr/index6a11.html]
[relais-accueil.fr/index1334.html]
[relais-accueil.fr/indexd909.html]
[relais-accueil.fr/indexa823.html]
[relais-accueil.fr/wp-json/oembed/1.0/embed9371]
[relais-accueil.fr/salaries/monique-ferron/index.html]
[relais-accueil.fr/index8951.html]
[relais-accueil.fr/wp-json/oembed/1.0/embedc27c]
[relais-accueil.fr/wp-json/wp/v2/salaries/1774]
[relais-accueil.fr/indexae00.html]
[relais-accueil.fr/index8da6.html]
[relais-accueil.fr/index17bd.html]
[relais-accueil.fr/index7553.html]
[relais-accueil.fr/wp-json/oembed/1.0/embedf58e]
